100000
100000
100000 30059 24340
100000 100000
16514 58738 85347
100000 64876
4071 21577 48827
98184 63820 83849
17698 32692 34416
100000 65590
96048 34506 9377
